// Jest Snapshot v1, https://goo.gl/fbAQLP

exports[`renders correctly 1`] = `
<div
  className="wrapper"
>
  <nav
    className="navbar navbar-inverse"
  >
    <div
      className="container-fluid"
    >
      <div
        className="navbar-header"
      >
        <a
          className="navbar-brand"
          href="#brand"
        >
          <i
            className="fas fa-arrow-left"
          />
        </a>
        <span
          className="header-text"
        >
          <p
            className="navbar-text big-text"
          >
            Fiche Prospect Locataire CA0993037
          </p>
          <p
            className="navbar-text"
          >
            Créé le 12/01/2018 par Bruce Lee, Modifié le 16/12/2018 par Bruce Lee
          </p>
        </span>
        <button
          className="navbar-toggle collapsed"
          onClick={[Function]}
          type="button"
        >
          <span
            className="sr-only"
          >
            Toggle navigation
          </span>
          <span
            className="icon-bar"
          />
          <span
            className="icon-bar"
          />
          <span
            className="icon-bar"
          />
        </button>
      </div>
      <div
        aria-expanded={null}
        className="navbar-collapse collapse"
      >
        <ul
          className="nav navbar-nav navbar-right"
          role={null}
        >
          <li
            className=""
            role="presentation"
          >
            <a
              href="#"
              onClick={[Function]}
              onKeyDown={[Function]}
              role="button"
            >
              <i
                className="fas fa-search"
              />
            </a>
          </li>
          <li
            className=""
            role="presentation"
          >
            <a
              href="#"
              onClick={[Function]}
              onKeyDown={[Function]}
              role="button"
            >
              <i
                className="far fa-bell"
              />
            </a>
          </li>
          <li
            className=""
            role="presentation"
          >
            <a
              href="#"
              onClick={[Function]}
              onKeyDown={[Function]}
              role="button"
            >
              <i
                className="fas fa-user"
              />
            </a>
          </li>
        </ul>
      </div>
    </div>
  </nav>
  <div
    className="submenu"
  >
    <nav
      className="navbar navbar-inverse"
    >
      <div
        className="container-fluid"
      >
        <ul
          className="nav navbar-nav navbar-right"
          role={null}
        >
          <li
            className=""
            role="presentation"
          >
            <a
              href="#"
              onClick={[Function]}
              onKeyDown={[Function]}
              role="button"
            >
              <img
                alt=""
                height="18"
                onBlur={[Function]}
                onClick={null}
                onFocus={[Function]}
                onMouseOut={[Function]}
                onMouseOver={[Function]}
                src="save.png"
                width="18"
              />
            </a>
          </li>
          <li
            className=""
            role="presentation"
          >
            <a
              href="#"
              onClick={[Function]}
              onKeyDown={[Function]}
              role="button"
            >
              <i
                className="fas fa-calendar-alt"
                onBlur={[Function]}
                onClick={null}
                onFocus={[Function]}
                onMouseOut={[Function]}
                onMouseOver={[Function]}
              />
            </a>
          </li>
          <li
            className=""
            role="presentation"
          >
            <a
              href="#"
              onClick={[Function]}
              onKeyDown={[Function]}
              role="button"
            >
              <img
                alt=""
                height="18"
                onBlur={[Function]}
                onClick={null}
                onFocus={[Function]}
                onMouseOut={[Function]}
                onMouseOver={[Function]}
                src="save.png"
                width="18"
              />
            </a>
          </li>
          <li
            className=""
            role="presentation"
          >
            <a
              href="#"
              onClick={[Function]}
              onKeyDown={[Function]}
              role="button"
            >
              <img
                alt=""
                height="28"
                onBlur={[Function]}
                onClick={null}
                onFocus={[Function]}
                onMouseOut={[Function]}
                onMouseOver={[Function]}
                src="email.png"
                width="28"
              />
            </a>
          </li>
          <li
            className=""
            role="presentation"
          >
            <a
              href="#"
              onClick={[Function]}
              onKeyDown={[Function]}
              role="button"
            >
              <img
                alt=""
                height="18"
                onBlur={[Function]}
                onClick={null}
                onFocus={[Function]}
                onMouseOut={[Function]}
                onMouseOver={[Function]}
                src="save.png"
                width="18"
              />
            </a>
          </li>
          <li
            className=""
            role="presentation"
          >
            <a
              href="#"
              onClick={[Function]}
              onKeyDown={[Function]}
              role="button"
            >
              <img
                alt=""
                height="20"
                onBlur={[Function]}
                onClick={null}
                onFocus={[Function]}
                onMouseOut={[Function]}
                onMouseOver={[Function]}
                src="signout.png"
                width="20"
              />
            </a>
          </li>
        </ul>
      </div>
    </nav>
  </div>
  <div
    className="inner-wrapper container"
    style={
      Object {
        "height": 666,
      }
    }
  >
    <div
      className="show-grid row"
    >
      <div>
        <div
          className="col-xs-12"
        >
          <div
            className="inner-menu"
          >
            <ul
              className="nav nav-pills"
              role={null}
            >
              <li
                className="active"
                role="presentation"
              >
                <a
                  href="/home"
                  onClick={[Function]}
                  onKeyDown={[Function]}
                >
                  NavItem 1 content
                </a>
              </li>
              <li
                className=""
                role="presentation"
              >
                <a
                  href="#"
                  onClick={[Function]}
                  onKeyDown={[Function]}
                  role="button"
                  title="Item"
                >
                  NavItem 2 content
                </a>
              </li>
              <li
                className=""
                role="presentation"
              >
                <a
                  href="/home"
                  onClick={[Function]}
                  onKeyDown={[Function]}
                >
                  NavItem 3 content
                </a>
              </li>
              <li
                className=""
                role="presentation"
              >
                <a
                  href="/home"
                  onClick={[Function]}
                  onKeyDown={[Function]}
                >
                  NavItem 4 content
                </a>
              </li>
            </ul>
          </div>
          <div
            className="candid1"
          >
            <div
              className="page-banner"
            >
              <div
                className="col-xs-12"
              >
                <div
                  className="show-grid row"
                >
                  <div
                    className="col-md-6 col-xs-12"
                  >
                    <i
                      className="fas fa-user"
                    />
                    <h3>
                      VANDAMME Jean-Claude
                    </h3>
                  </div>
                  <div
                    className="col-md-6 col-xs-12"
                  >
                    <p
                      className="desc"
                    >
                      Candidature en ligne complète
                    </p>
                  </div>
                </div>
                <hr />
                <div
                  className="show-grid row"
                >
                  <div
                    className="col-md-6 col-md-offset-6 col-xs-12"
                  >
                    <div
                      className="show-grid row"
                    >
                      <div
                        className="col-md-6 col-xs-12"
                      >
                        <img
                          alt=""
                          height="40"
                          src="profile_2.png"
                          width="40"
                        />
                        <span
                          className="p-label"
                        >
                          RELANCER LE CANDIDAT
                        </span>
                      </div>
                      <div
                        className="col-md-6 col-xs-12"
                      >
                        <img
                          alt=""
                          height="30"
                          src="home.png"
                          width="30"
                        />
                        <span
                          className="p-label"
                        >
                          RAPPROCHEMENTDE BIENS
                        </span>
                      </div>
                    </div>
                  </div>
                </div>
              </div>
            </div>
            <div
              className="accordion"
            >
              <a
                name="headline1"
                onClick={[Function]}
              >
                <img
                  alt=""
                  src="downArrow.png"
                />
                SITE
              </a>
              <br />
              <div
                className="panel panel-default"
                id="collapsible-panel-example-1"
              >
                <div
                  aria-expanded={true}
                  aria-labelledby="collapsible-panel-example-1--heading"
                  className="panel-collapse collapse in"
                  id="collapsible-panel-example-1--body"
                  role="tabpanel"
                >
                  <button
                    className="action-button btn btn-default"
                    disabled={false}
                    type="button"
                  >
                    SITE
                  </button>
                  <div
                    className="panel-body"
                  >
                    <div
                      className="show-grid row"
                    >
                      <div
                        className="col-md-3 col-xs-12"
                      >
                        <div
                          className="form-group"
                        >
                          <label
                            className="control-label"
                            htmlFor="siteSelect"
                          >
                            SITE
                          </label>
                          <select
                            className="form-control"
                            id="siteSelect"
                            placeholder="select"
                          >
                            <option
                              value="select"
                            >
                              select
                            </option>
                            <option
                              value="other"
                            >
                              277 – Actineuf Lyon
                            </option>
                          </select>
                        </div>
                      </div>
                      <div
                        className="col-md-3 col-xs-12"
                      >
                        <div
                          className="form-group"
                        >
                          <label
                            className="control-label"
                            htmlFor="bureauSelect"
                          >
                            BUREAU
                          </label>
                          <select
                            className="form-control"
                            id="bureauSelect"
                            placeholder="select"
                          >
                            <option
                              value="select"
                            >
                              select
                            </option>
                            <option
                              value="other"
                            >
                              277 – Actineuf Lyon
                            </option>
                          </select>
                        </div>
                      </div>
                      <div
                        className="col-md-3 col-xs-12"
                      >
                        <div
                          className="form-group"
                        >
                          <label
                            className="control-label"
                            htmlFor="negociatorSelect"
                          >
                            NÉGOCIATEUR
                          </label>
                          <select
                            className="form-control"
                            id="negociatorSelect"
                            placeholder="select"
                          >
                            <option
                              value="select"
                            >
                              select
                            </option>
                            <option
                              value="other"
                            >
                              277 – Actineuf Lyon
                            </option>
                          </select>
                        </div>
                      </div>
                      <div
                        className="col-md-3 col-xs-12"
                      >
                        <div
                          className="form-group"
                        >
                          <label
                            className="control-label"
                            htmlFor="assistanceSelect"
                          >
                            ASSISTANCE
                          </label>
                          <select
                            className="form-control"
                            id="assistanceSelect"
                            placeholder="select"
                          >
                            <option
                              value="select"
                            >
                              select
                            </option>
                            <option
                              value="other"
                            >
                              277 – Actineuf Lyon
                            </option>
                          </select>
                        </div>
                      </div>
                    </div>
                  </div>
                </div>
              </div>
            </div>
            <div
              className="accordion"
            >
              <a
                name="headline2"
                onClick={[Function]}
              >
                <img
                  alt=""
                  src="downArrow.png"
                />
                Contacts
              </a>
              <br />
              <div
                className="panel panel-default"
                id="collapsible-panel-example-1"
              >
                <div
                  aria-expanded={true}
                  aria-labelledby="collapsible-panel-example-1--heading"
                  className="panel-collapse collapse in"
                  id="collapsible-panel-example-1--body"
                  role="tabpanel"
                >
                  <button
                    className="action-button btn btn-default"
                    disabled={false}
                    type="button"
                  >
                    SITE
                  </button>
                  <div
                    className="panel-body"
                  >
                    <div
                      className="show-grid row"
                    >
                      <div
                        className="col-md-3 col-xs-12"
                      >
                        <div
                          className="form-group"
                        >
                          <label
                            className="control-label"
                            htmlFor="siteSelect"
                          >
                            SITE
                          </label>
                          <select
                            className="form-control"
                            id="siteSelect"
                            placeholder="select"
                          >
                            <option
                              value="select"
                            >
                              select
                            </option>
                            <option
                              value="other"
                            >
                              277 – Actineuf Lyon
                            </option>
                          </select>
                        </div>
                      </div>
                      <div
                        className="col-md-3 col-xs-12"
                      >
                        <div
                          className="form-group"
                        >
                          <label
                            className="control-label"
                            htmlFor="bureauSelect"
                          >
                            BUREAU
                          </label>
                          <select
                            className="form-control"
                            id="bureauSelect"
                            placeholder="select"
                          >
                            <option
                              value="select"
                            >
                              select
                            </option>
                            <option
                              value="other"
                            >
                              277 – Actineuf Lyon
                            </option>
                          </select>
                        </div>
                      </div>
                      <div
                        className="col-md-3 col-xs-12"
                      >
                        <div
                          className="form-group"
                        >
                          <label
                            className="control-label"
                            htmlFor="negociatorSelect"
                          >
                            NÉGOCIATEUR
                          </label>
                          <select
                            className="form-control"
                            id="negociatorSelect"
                            placeholder="select"
                          >
                            <option
                              value="select"
                            >
                              select
                            </option>
                            <option
                              value="other"
                            >
                              277 – Actineuf Lyon
                            </option>
                          </select>
                        </div>
                      </div>
                    </div>
                    <div
                      className="show-grid row"
                    >
                      <div
                        className="col-md-3 col-xs-12"
                      >
                        <div
                          className="form-group"
                        >
                          <label
                            className="control-label"
                            htmlFor="siteSelect"
                          >
                            SITE
                          </label>
                          <select
                            className="form-control"
                            id="siteSelect"
                            placeholder="select"
                          >
                            <option
                              value="select"
                            >
                              select
                            </option>
                            <option
                              value="other"
                            >
                              277 – Actineuf Lyon
                            </option>
                          </select>
                        </div>
                      </div>
                      <div
                        className="col-md-3 col-xs-12"
                      >
                        <div
                          className="form-group"
                        >
                          <label
                            className="control-label"
                            htmlFor="bureauSelect"
                          >
                            BUREAU
                          </label>
                          <select
                            className="form-control"
                            id="bureauSelect"
                            placeholder="select"
                          >
                            <option
                              value="select"
                            >
                              select
                            </option>
                            <option
                              value="other"
                            >
                              277 – Actineuf Lyon
                            </option>
                          </select>
                        </div>
                      </div>
                      <div
                        className="col-md-3 col-xs-12"
                      >
                        <div
                          className="form-group"
                        >
                          <label
                            className="control-label"
                            htmlFor="negociatorSelect"
                          >
                            NÉGOCIATEUR
                          </label>
                          <select
                            className="form-control"
                            id="negociatorSelect"
                            placeholder="select"
                          >
                            <option
                              value="select"
                            >
                              select
                            </option>
                            <option
                              value="other"
                            >
                              277 – Actineuf Lyon
                            </option>
                          </select>
                        </div>
                      </div>
                      <div
                        className="col-md-3 col-xs-12"
                      >
                        <div
                          className="form-group"
                        >
                          <label
                            className="control-label"
                            htmlFor="assistanceSelect"
                          >
                            ASSISTANCE
                          </label>
                          <select
                            className="form-control"
                            id="assistanceSelect"
                            placeholder="select"
                          >
                            <option
                              value="select"
                            >
                              select
                            </option>
                            <option
                              value="other"
                            >
                              277 – Actineuf Lyon
                            </option>
                          </select>
                        </div>
                      </div>
                    </div>
                    <div
                      className="show-grid row"
                    >
                      <div
                        className="col-md-3 col-xs-12"
                      >
                        <div
                          className="form-group"
                        >
                          <label
                            className="control-label"
                            htmlFor="siteSelect"
                          >
                            SITE
                          </label>
                          <select
                            className="form-control"
                            id="siteSelect"
                            placeholder="select"
                          >
                            <option
                              value="select"
                            >
                              select
                            </option>
                            <option
                              value="other"
                            >
                              277 – Actineuf Lyon
                            </option>
                          </select>
                        </div>
                      </div>
                      <div
                        className="col-md-3 col-xs-12"
                      >
                        <div
                          className="form-group"
                        >
                          <label
                            className="control-label"
                            htmlFor="bureauSelect"
                          >
                            BUREAU
                          </label>
                          <select
                            className="form-control"
                            id="bureauSelect"
                            placeholder="select"
                          >
                            <option
                              value="select"
                            >
                              select
                            </option>
                            <option
                              value="other"
                            >
                              277 – Actineuf Lyon
                            </option>
                          </select>
                        </div>
                      </div>
                      <div
                        className="col-md-3 col-xs-12"
                      >
                        <div
                          className="form-group"
                        >
                          <label
                            className="control-label"
                            htmlFor="negociatorSelect"
                          >
                            NÉGOCIATEUR
                          </label>
                          <select
                            className="form-control"
                            id="negociatorSelect"
                            placeholder="select"
                          >
                            <option
                              value="select"
                            >
                              select
                            </option>
                            <option
                              value="other"
                            >
                              277 – Actineuf Lyon
                            </option>
                          </select>
                        </div>
                      </div>
                    </div>
                  </div>
                </div>
              </div>
            </div>
            <div
              className="accordion"
            >
              <a
                name="headline3"
                onClick={[Function]}
              >
                <img
                  alt=""
                  src="downArrow.png"
                />
                qualification
              </a>
              <br />
              <div
                className="panel panel-default"
                id="collapsible-panel-example-1"
              >
                <div
                  aria-expanded={true}
                  aria-labelledby="collapsible-panel-example-1--heading"
                  className="panel-collapse collapse in"
                  id="collapsible-panel-example-1--body"
                  role="tabpanel"
                >
                  <button
                    className="action-button btn btn-default"
                    disabled={false}
                    type="button"
                  >
                    SITE
                  </button>
                  <div
                    className="panel-body"
                  >
                    <div
                      className="show-grid row"
                    >
                      <div
                        className="col-md-3 col-xs-12"
                      >
                        <div
                          className="form-group"
                        >
                          <label
                            className="control-label"
                            htmlFor="siteSelect"
                          >
                            SITE
                          </label>
                          <select
                            className="form-control"
                            id="siteSelect"
                            placeholder="select"
                          >
                            <option
                              value="select"
                            >
                              select
                            </option>
                            <option
                              value="other"
                            >
                              277 – Actineuf Lyon
                            </option>
                          </select>
                        </div>
                      </div>
                      <div
                        className="col-md-3 col-xs-12"
                      >
                        <div
                          className="form-group"
                        >
                          <label
                            className="control-label"
                            htmlFor="bureauSelect"
                          >
                            BUREAU
                          </label>
                          <select
                            className="form-control"
                            id="bureauSelect"
                            placeholder="select"
                          >
                            <option
                              value="select"
                            >
                              select
                            </option>
                            <option
                              value="other"
                            >
                              277 – Actineuf Lyon
                            </option>
                          </select>
                        </div>
                      </div>
                      <div
                        className="col-md-3 col-xs-12"
                      >
                        <div
                          className="form-group"
                        >
                          <label
                            className="control-label"
                            htmlFor="negociatorSelect"
                          >
                            NÉGOCIATEUR
                          </label>
                          <select
                            className="form-control"
                            id="negociatorSelect"
                            placeholder="select"
                          >
                            <option
                              value="select"
                            >
                              select
                            </option>
                            <option
                              value="other"
                            >
                              277 – Actineuf Lyon
                            </option>
                          </select>
                        </div>
                      </div>
                    </div>
                    <div
                      className="show-grid row"
                    >
                      <div
                        className="col-md-3 col-xs-12"
                      >
                        <div
                          className="form-group"
                        >
                          <label
                            className="control-label"
                            htmlFor="siteSelect"
                          >
                            SITE
                          </label>
                          <select
                            className="form-control"
                            id="siteSelect"
                            placeholder="select"
                          >
                            <option
                              value="select"
                            >
                              select
                            </option>
                            <option
                              value="other"
                            >
                              277 – Actineuf Lyon
                            </option>
                          </select>
                        </div>
                      </div>
                      <div
                        className="col-md-3 col-xs-12"
                      >
                        <div
                          className="form-group"
                        >
                          <label
                            className="control-label"
                            htmlFor="bureauSelect"
                          >
                            BUREAU
                          </label>
                          <select
                            className="form-control"
                            id="bureauSelect"
                            placeholder="select"
                          >
                            <option
                              value="select"
                            >
                              select
                            </option>
                            <option
                              value="other"
                            >
                              277 – Actineuf Lyon
                            </option>
                          </select>
                        </div>
                      </div>
                      <div
                        className="col-md-3 col-xs-12"
                      >
                        <div
                          className="form-group"
                        >
                          <label
                            className="control-label"
                            htmlFor="negociatorSelect"
                          >
                            NÉGOCIATEUR
                          </label>
                          <select
                            className="form-control"
                            id="negociatorSelect"
                            placeholder="select"
                          >
                            <option
                              value="select"
                            >
                              select
                            </option>
                            <option
                              value="other"
                            >
                              277 – Actineuf Lyon
                            </option>
                          </select>
                        </div>
                      </div>
                      <div
                        className="col-md-3 col-xs-12"
                      >
                        <div
                          className="form-group"
                        >
                          <label
                            className="control-label"
                            htmlFor="assistanceSelect"
                          >
                            ASSISTANCE
                          </label>
                          <select
                            className="form-control"
                            id="assistanceSelect"
                            placeholder="select"
                          >
                            <option
                              value="select"
                            >
                              select
                            </option>
                            <option
                              value="other"
                            >
                              277 – Actineuf Lyon
                            </option>
                          </select>
                        </div>
                      </div>
                    </div>
                    <div
                      className="show-grid row"
                    >
                      <div
                        className="col-md-3 col-xs-12"
                      >
                        <div
                          className="form-group"
                        >
                          <label
                            className="control-label"
                            htmlFor="siteSelect"
                          >
                            SITE
                          </label>
                          <select
                            className="form-control"
                            id="siteSelect"
                            placeholder="select"
                          >
                            <option
                              value="select"
                            >
                              select
                            </option>
                            <option
                              value="other"
                            >
                              277 – Actineuf Lyon
                            </option>
                          </select>
                        </div>
                      </div>
                      <div
                        className="col-md-3 col-xs-12"
                      >
                        <div
                          className="form-group"
                        >
                          <label
                            className="control-label"
                            htmlFor="bureauSelect"
                          >
                            BUREAU
                          </label>
                          <select
                            className="form-control"
                            id="bureauSelect"
                            placeholder="select"
                          >
                            <option
                              value="select"
                            >
                              select
                            </option>
                            <option
                              value="other"
                            >
                              277 – Actineuf Lyon
                            </option>
                          </select>
                        </div>
                      </div>
                      <div
                        className="col-md-3 col-xs-12"
                      >
                        <div
                          className="form-group"
                        >
                          <label
                            className="control-label"
                            htmlFor="negociatorSelect"
                          >
                            NÉGOCIATEUR
                          </label>
                          <select
                            className="form-control"
                            id="negociatorSelect"
                            placeholder="select"
                          >
                            <option
                              value="select"
                            >
                              select
                            </option>
                            <option
                              value="other"
                            >
                              277 – Actineuf Lyon
                            </option>
                          </select>
                        </div>
                      </div>
                    </div>
                  </div>
                </div>
              </div>
            </div>
          </div>
        </div>
      </div>
    </div>
  </div>
  <div
    className="menu"
  >
    <button
      onClick={[Function]}
    >
      <img
        alt=""
        src="hamburger.png"
      />
    </button>
    <div
      className="collapsablePanel"
      style={
        Object {
          "display": "none",
          "height": 666,
        }
      }
    >
      <img
        alt=""
        src="logo.png"
      />
      <ul
        className="menuItem"
      >
        <li>
          ACCUEIL
        </li>
        <li>
          MANDAT DE LOCATION
        </li>
        <li>
          FICHE DE LOCATION
        </li>
        <li>
          PROPOSITION DE BAIL
        </li>
        <li>
          BAIL DE LOCATION
        </li>
        <li
          className="active"
        >
          CLIENTS
        </li>
        <li>
          ADMINISTRATION
        </li>
      </ul>
    </div>
    <div
      className="background"
      onClick={[Function]}
      style={
        Object {
          "display": "none",
          "height": 768,
        }
      }
    />
  </div>
  <div
    className="flyout"
  >
    <button
      onClick={[Function]}
    >
      <img
        alt=""
        src="dot.png"
      />
    </button>
    <div
      className="collapsablePanel"
      style={
        Object {
          "display": "none",
        }
      }
    >
      <ul
        className="menuItem"
      >
        <li>
          <a
            href="#headline1"
            onClick={[Function]}
          >
            site
          </a>
          <img
            alt=""
            src="dot.png"
          />
        </li>
        <li>
          <a
            href="#headline2"
            onClick={[Function]}
          >
            contacts
          </a>
          <img
            alt=""
            src="dot.png"
          />
        </li>
        <li>
          <a
            href="#headline3"
            onClick={[Function]}
          >
            qualification
          </a>
          <img
            alt=""
            src="dot.png"
          />
        </li>
        <li>
          <a
            href="#headline4"
            onClick={[Function]}
          >
            BIENS RECHERCHES
          </a>
          <img
            alt=""
            src="dot.png"
          />
        </li>
        <li>
          <a
            href="#headline5"
            onClick={[Function]}
          >
            notes
          </a>
          <img
            alt=""
            src="dot.png"
          />
        </li>
      </ul>
    </div>
    <div
      className="background"
      onClick={[Function]}
      style={
        Object {
          "display": "none",
          "height": 768,
        }
      }
    />
  </div>
</div>
`;
